// Vitest Snapshot v1, https://vitest.dev/guide/snapshot.html

exports[`route > should return 200 with response 1`] = `Promise {}`;
